../Core/Src/main.c:95:17:s88_crc16	4
../Core/Src/main.c:108:13:s88_set_tx	1
../Core/Src/main.c:109:13:s88_set_rx	1
../Core/Src/main.c:111:13:s88_uart_clear_errors	1
../Core/Src/main.c:119:16:s88_read_co2	6
../Core/Src/main.c:144:16:s88_init	1
../Core/Src/main.c:154:16:gas_checksum	2
../Core/Src/main.c:161:13:gas_pack_cmd	4
../Core/Src/main.c:169:12:gas_write	2
../Core/Src/main.c:174:12:gas_read	2
../Core/Src/main.c:179:16:gas_init_co_only	3
../Core/Src/main.c:190:16:gas_read_co_ppm	7
../Core/Src/main.c:212:12:bme280_read_regs	3
../Core/Src/main.c:219:12:bme280_write_reg	2
../Core/Src/main.c:225:16:bme280_read_calibration	4
../Core/Src/main.c:255:16:bme280_init	8
../Core/Src/main.c:269:16:bme280_read	11
../Core/Src/main.c:330:13:lora_cmd	4
../Core/Src/main.c:343:17:lora_readline	7
../Core/Src/main.c:360:16:lora_send_with_ack	18
../Core/Src/main.c:430:13:send_telemetry	1
../Core/Src/main.c:448:6:SystemClock_Config	1
../Core/Src/main.c:470:5:main	9
../Core/Src/main.c:550:6:Error_Handler	1
