../Core/Src/main.c:95:17:s88_crc16	24	static
../Core/Src/main.c:108:13:s88_set_tx	8	static
../Core/Src/main.c:109:13:s88_set_rx	8	static
../Core/Src/main.c:111:13:s88_uart_clear_errors	4	static
../Core/Src/main.c:119:16:s88_read_co2	40	static
../Core/Src/main.c:144:16:s88_init	16	static
../Core/Src/main.c:154:16:gas_checksum	24	static
../Core/Src/main.c:161:13:gas_pack_cmd	40	static
../Core/Src/main.c:169:12:gas_write	24	static
../Core/Src/main.c:174:12:gas_read	24	static
../Core/Src/main.c:179:16:gas_init_co_only	32	static
../Core/Src/main.c:190:16:gas_read_co_ppm	56	static
../Core/Src/main.c:212:12:bme280_read_regs	24	static
../Core/Src/main.c:219:12:bme280_write_reg	32	static
../Core/Src/main.c:225:16:bme280_read_calibration	48	static
../Core/Src/main.c:255:16:bme280_init	16	static
../Core/Src/main.c:269:16:bme280_read	376	static
../Core/Src/main.c:330:13:lora_cmd	288	static
../Core/Src/main.c:343:17:lora_readline	40	static
../Core/Src/main.c:360:16:lora_send_with_ack	712	static
../Core/Src/main.c:430:13:send_telemetry	200	static
../Core/Src/main.c:448:6:SystemClock_Config	96	static
../Core/Src/main.c:470:5:main	104	static
../Core/Src/main.c:550:6:Error_Handler	4	static,ignoring_inline_asm
